Determining if the pthread_create exist failed with the following output:
Change Dir: /home/lozer/franka_emika_ws/build/CMakeFiles/CMakeTmp

Run Build Command:"/usr/bin/make" "cmTC_31d55/fast"
/usr/bin/make -f CMakeFiles/cmTC_31d55.dir/build.make CMakeFiles/cmTC_31d55.dir/build
make[1]: Entering directory '/home/lozer/franka_emika_ws/build/CMakeFiles/CMakeTmp'
Building C object CMakeFiles/cmTC_31d55.dir/CheckSymbolExists.c.o
/usr/bin/cc    -o CMakeFiles/cmTC_31d55.dir/CheckSymbolExists.c.o   -c /home/lozer/franka_emika_ws/build/CMakeFiles/CMakeTmp/CheckSymbolExists.c
Linking C executable cmTC_31d55
/usr/bin/cmake -E cmake_link_script CMakeFiles/cmTC_31d55.dir/link.txt --verbose=1
/usr/bin/cc      -rdynamic CMakeFiles/cmTC_31d55.dir/CheckSymbolExists.c.o  -o cmTC_31d55 
CMakeFiles/cmTC_31d55.dir/CheckSymbolExists.c.o: In function `main':
CheckSymbolExists.c:(.text+0x1b): undefined reference to `pthread_create'
collect2: error: ld returned 1 exit status
CMakeFiles/cmTC_31d55.dir/build.make:97: recipe for target 'cmTC_31d55' failed
make[1]: *** [cmTC_31d55] Error 1
make[1]: Leaving directory '/home/lozer/franka_emika_ws/build/CMakeFiles/CMakeTmp'
Makefile:126: recipe for target 'cmTC_31d55/fast' failed
make: *** [cmTC_31d55/fast] Error 2

File /home/lozer/franka_emika_ws/build/CMakeFiles/CMakeTmp/CheckSymbolExists.c:
/* */
#include <pthread.h>

int main(int argc, char** argv)
{
  (void)argv;
#ifndef pthread_create
  return ((int*)(&pthread_create))[argc];
#else
  (void)argc;
  return 0;
#endif
}

Determining if the function pthread_create exists in the pthreads failed with the following output:
Change Dir: /home/lozer/franka_emika_ws/build/CMakeFiles/CMakeTmp

Run Build Command:"/usr/bin/make" "cmTC_0463f/fast"
/usr/bin/make -f CMakeFiles/cmTC_0463f.dir/build.make CMakeFiles/cmTC_0463f.dir/build
make[1]: Entering directory '/home/lozer/franka_emika_ws/build/CMakeFiles/CMakeTmp'
Building C object CMakeFiles/cmTC_0463f.dir/CheckFunctionExists.c.o
/usr/bin/cc   -DCHECK_FUNCTION_EXISTS=pthread_create   -o CMakeFiles/cmTC_0463f.dir/CheckFunctionExists.c.o   -c /usr/share/cmake-3.10/Modules/CheckFunctionExists.c
Linking C executable cmTC_0463f
/usr/bin/cmake -E cmake_link_script CMakeFiles/cmTC_0463f.dir/link.txt --verbose=1
/usr/bin/cc  -DCHECK_FUNCTION_EXISTS=pthread_create    -rdynamic CMakeFiles/cmTC_0463f.dir/CheckFunctionExists.c.o  -o cmTC_0463f -lpthreads 
/usr/bin/ld: cannot find -lpthreads
collect2: error: ld returned 1 exit status
CMakeFiles/cmTC_0463f.dir/build.make:97: recipe for target 'cmTC_0463f' failed
make[1]: *** [cmTC_0463f] Error 1
make[1]: Leaving directory '/home/lozer/franka_emika_ws/build/CMakeFiles/CMakeTmp'
Makefile:126: recipe for target 'cmTC_0463f/fast' failed
make: *** [cmTC_0463f/fast] Error 2


